2025-04-04 05:06:08.730633 - Received CBT.V508.FILE147.PDS from FILE147.XMI 
2025-04-04 05:06:08.733950 - Found $$$#DATE.txt (text/plain) in CBT.V508.FILE147.PDS, moved to PDS/$$$#DATE
2025-04-04 05:06:08.734180 - Found $$$EXODT.odt (application/vnd.oasis.opendocument.text) in CBT.V508.FILE147.PDS, moved to docs/$$$EXODT.odt
2025-04-04 05:06:08.734648 - Found $$$EXPDF.pdf (application/pdf) in CBT.V508.FILE147.PDS, moved to docs/$$$EXPDF.pdf
2025-04-04 05:06:08.734777 - Found $$$EXTXT.bin (application/octet-stream) in CBT.V508.FILE147.PDS, moved to PDS/$$$EXTXT
2025-04-04 05:06:08.734991 - Found $$$EXWRD.doc (application/msword) in CBT.V508.FILE147.PDS, moved to docs/$$$EXWRD.doc
2025-04-04 05:06:08.735138 - Found $$NOTE01.txt (text/plain) in CBT.V508.FILE147.PDS, moved to PDS/$$NOTE01
2025-04-04 05:06:08.735279 - Found $$README.txt (text/plain) in CBT.V508.FILE147.PDS, moved to PDS/$$README
2025-04-04 05:06:08.735408 - Found $ARCHDOC.txt (text/plain) in CBT.V508.FILE147.PDS, moved to PDS/$ARCHDOC
2025-04-04 05:06:08.735522 - Found $ARCH370.txt (text/plain) in CBT.V508.FILE147.PDS, moved to PDS/$ARCH370
2025-04-04 05:06:08.735690 - Found $CVDSORG.txt (text/plain) in CBT.V508.FILE147.PDS, moved to PDS/$CVDSORG
2025-04-04 05:06:08.735811 - Found $CVRECFM.txt (text/plain) in CBT.V508.FILE147.PDS, moved to PDS/$CVRECFM
2025-04-04 05:06:08.735925 - Found $INSTALL.txt (text/plain) in CBT.V508.FILE147.PDS, moved to PDS/$INSTALL
2025-04-04 05:06:08.736046 - Found $INST37A.jcl (text/plain) in CBT.V508.FILE147.PDS, moved to PDS/$INST37A
2025-04-04 05:06:08.736189 - Found $INST370.jcl (text/plain) in CBT.V508.FILE147.PDS, moved to PDS/$INST370
2025-04-04 05:06:08.736320 - Found $PARSE.txt (text/plain) in CBT.V508.FILE147.PDS, moved to PDS/$PARSE
2025-04-04 05:06:08.736437 - Found $README1.txt (text/plain) in CBT.V508.FILE147.PDS, moved to PDS/$README1
2025-04-04 05:06:08.736557 - Found ##ARCHWK.txt (text/plain) in CBT.V508.FILE147.PDS, moved to PDS/##ARCHWK
2025-04-04 05:06:08.736679 - Found #ADDBLK.txt (text/plain) in CBT.V508.FILE147.PDS, moved to PDS/#ADDBLK
2025-04-04 05:06:08.736803 - Found #ARCBITS.txt (text/plain) in CBT.V508.FILE147.PDS, moved to PDS/#ARCBITS
2025-04-04 05:06:08.736919 - Found #DSW.txt (text/plain) in CBT.V508.FILE147.PDS, moved to PDS/#DSW
2025-04-04 05:06:08.737041 - Found #ERR.txt (text/plain) in CBT.V508.FILE147.PDS, moved to PDS/#ERR
2025-04-04 05:06:08.737160 - Found #ERROR.txt (text/plain) in CBT.V508.FILE147.PDS, moved to PDS/#ERROR
2025-04-04 05:06:08.737283 - Found #FINDSW.txt (text/plain) in CBT.V508.FILE147.PDS, moved to PDS/#FINDSW
2025-04-04 05:06:08.737400 - Found #FORMAT.txt (text/plain) in CBT.V508.FILE147.PDS, moved to PDS/#FORMAT
2025-04-04 05:06:08.737510 - Found #FREE.txt (text/plain) in CBT.V508.FILE147.PDS, moved to PDS/#FREE
2025-04-04 05:06:08.737641 - Found #IF.txt (text/plain) in CBT.V508.FILE147.PDS, moved to PDS/#IF
2025-04-04 05:06:08.737839 - Found #LR.txt (text/plain) in CBT.V508.FILE147.PDS, moved to PDS/#LR
2025-04-04 05:06:08.737960 - Found #OP.txt (text/plain) in CBT.V508.FILE147.PDS, moved to PDS/#OP
2025-04-04 05:06:08.738077 - Found #PUT.txt (text/plain) in CBT.V508.FILE147.PDS, moved to PDS/#PUT
2025-04-04 05:06:08.738195 - Found #RECS.txt (text/plain) in CBT.V508.FILE147.PDS, moved to PDS/#RECS
2025-04-04 05:06:08.738320 - Found #RESPEC.txt (text/plain) in CBT.V508.FILE147.PDS, moved to PDS/#RESPEC
2025-04-04 05:06:08.738442 - Found #SDE.txt (text/plain) in CBT.V508.FILE147.PDS, moved to PDS/#SDE
2025-04-04 05:06:08.738579 - Found #SET.txt (text/plain) in CBT.V508.FILE147.PDS, moved to PDS/#SET
2025-04-04 05:06:08.738709 - Found #SETDEF.txt (text/plain) in CBT.V508.FILE147.PDS, moved to PDS/#SETDEF
2025-04-04 05:06:08.738837 - Found #SETFLAG.txt (text/plain) in CBT.V508.FILE147.PDS, moved to PDS/#SETFLAG
2025-04-04 05:06:08.738946 - Found #STAMP.txt (text/plain) in CBT.V508.FILE147.PDS, moved to PDS/#STAMP
2025-04-04 05:06:08.739055 - Found #STOW.txt (text/plain) in CBT.V508.FILE147.PDS, moved to PDS/#STOW
2025-04-04 05:06:08.739164 - Found #SWITCH.txt (text/plain) in CBT.V508.FILE147.PDS, moved to PDS/#SWITCH
2025-04-04 05:06:08.739284 - Found #VSPRMS.txt (text/plain) in CBT.V508.FILE147.PDS, moved to PDS/#VSPRMS
2025-04-04 05:06:08.739409 - Found @FILE147.txt (text/plain) in CBT.V508.FILE147.PDS, moved to PDS/@FILE147
2025-04-04 05:06:08.739570 - Found AMATRACE.txt (text/plain) in CBT.V508.FILE147.PDS, moved to PDS/AMATRACE
2025-04-04 05:06:08.739703 - Found ARCHALIS.txt (text/plain) in CBT.V508.FILE147.PDS, moved to PDS/ARCHALIS
2025-04-04 05:06:08.739858 - Found ARCHALT.txt (text/plain) in CBT.V508.FILE147.PDS, moved to PDS/ARCHALT
2025-04-04 05:06:08.739978 - Found ARCHCOMP.txt (text/plain) in CBT.V508.FILE147.PDS, moved to PDS/ARCHCOMP
2025-04-04 05:06:08.740101 - Found ARCHCONV.txt (text/plain) in CBT.V508.FILE147.PDS, moved to PDS/ARCHCONV
2025-04-04 05:06:08.740316 - Found ARCHCOPY.txt (text/plain) in CBT.V508.FILE147.PDS, moved to PDS/ARCHCOPY
2025-04-04 05:06:08.740482 - Found ARCHDEL.txt (text/plain) in CBT.V508.FILE147.PDS, moved to PDS/ARCHDEL
2025-04-04 05:06:08.740623 - Found ARCHDELC.txt (text/plain) in CBT.V508.FILE147.PDS, moved to PDS/ARCHDELC
2025-04-04 05:06:08.740792 - Found ARCHDELD.txt (text/plain) in CBT.V508.FILE147.PDS, moved to PDS/ARCHDELD
2025-04-04 05:06:08.740931 - Found ARCHDELE.txt (text/plain) in CBT.V508.FILE147.PDS, moved to PDS/ARCHDELE
2025-04-04 05:06:08.741090 - Found ARCHDELF.txt (text/plain) in CBT.V508.FILE147.PDS, moved to PDS/ARCHDELF
2025-04-04 05:06:08.741208 - Found ARCHDEL1.txt (text/plain) in CBT.V508.FILE147.PDS, moved to PDS/ARCHDEL1
2025-04-04 05:06:08.741337 - Found ARCHDEL2.txt (text/plain) in CBT.V508.FILE147.PDS, moved to PDS/ARCHDEL2
2025-04-04 05:06:08.741492 - Found ARCHDEL3.txt (text/plain) in CBT.V508.FILE147.PDS, moved to PDS/ARCHDEL3
2025-04-04 05:06:08.741663 - Found ARCHDEL4.txt (text/plain) in CBT.V508.FILE147.PDS, moved to PDS/ARCHDEL4
2025-04-04 05:06:08.741789 - Found ARCHDEL5.txt (text/plain) in CBT.V508.FILE147.PDS, moved to PDS/ARCHDEL5
2025-04-04 05:06:08.741945 - Found ARCHDEL6.txt (text/plain) in CBT.V508.FILE147.PDS, moved to PDS/ARCHDEL6
2025-04-04 05:06:08.742078 - Found ARCHDEL7.txt (text/plain) in CBT.V508.FILE147.PDS, moved to PDS/ARCHDEL7
2025-04-04 05:06:08.742193 - Found ARCHDIR.txt (text/plain) in CBT.V508.FILE147.PDS, moved to PDS/ARCHDIR
2025-04-04 05:06:08.742304 - Found ARCHERAS.txt (text/plain) in CBT.V508.FILE147.PDS, moved to PDS/ARCHERAS
2025-04-04 05:06:08.742416 - Found ARCHERRM.txt (text/plain) in CBT.V508.FILE147.PDS, moved to PDS/ARCHERRM
2025-04-04 05:06:08.742524 - Found ARCHEXPR.txt (text/plain) in CBT.V508.FILE147.PDS, moved to PDS/ARCHEXPR
2025-04-04 05:06:08.742827 - Found ARCHEXTN.xmi (application/xmit) in CBT.V508.FILE147.PDS, moved to PDS/ARCHEXTN.xmi
2025-04-04 05:06:08.799530 - Received HERCEL.ARCHEXTN.PDSXMI from ARCHEXTN.xmi 
2025-04-04 05:06:08.800038 - Found ASM.xmi (application/xmit) in HERCEL.ARCHEXTN.PDSXMI, moved to ARCHEXTN/ASM.xmi
2025-04-04 05:06:08.874936 - Received HERCEL.ARCHEXTN.ASM from ASM.xmi 
2025-04-04 05:06:08.875478 - Found DYNALDA.txt (text/plain) in HERCEL.ARCHEXTN.ASM, moved to ARCHEXTN/ASM/DYNALDA
2025-04-04 05:06:08.875668 - Found DYNALDP.txt (text/plain) in HERCEL.ARCHEXTN.ASM, moved to ARCHEXTN/ASM/DYNALDP
2025-04-04 05:06:08.875837 - Found DYNALOAD.txt (text/plain) in HERCEL.ARCHEXTN.ASM, moved to ARCHEXTN/ASM/DYNALOAD
2025-04-04 05:06:08.875969 - Found DYNWORK.txt (text/plain) in HERCEL.ARCHEXTN.ASM, moved to ARCHEXTN/ASM/DYNWORK
2025-04-04 05:06:08.876091 - Found JOBABEND.txt (text/plain) in HERCEL.ARCHEXTN.ASM, moved to ARCHEXTN/ASM/JOBABEND
2025-04-04 05:06:08.876210 - Found VSAMIO.txt (text/plain) in HERCEL.ARCHEXTN.ASM, moved to ARCHEXTN/ASM/VSAMIO
2025-04-04 05:06:08.876675 - Found INCLLIB.xmi (application/xmit) in HERCEL.ARCHEXTN.PDSXMI, moved to ARCHEXTN/INCLLIB.xmi
2025-04-04 05:06:08.983473 - Received HERCEL.ARCHEXTN.INCLLIB from INCLLIB.xmi 
2025-04-04 05:06:08.984078 - Found $DEBUG.txt (text/plain) in HERCEL.ARCHEXTN.INCLLIB, moved to ARCHEXTN/INCLLIB/$DEBUG
2025-04-04 05:06:08.984219 - Found ARCHDIR.txt (text/plain) in HERCEL.ARCHEXTN.INCLLIB, moved to ARCHEXTN/INCLLIB/ARCHDIR
2025-04-04 05:06:08.984346 - Found ARCHREC.txt (text/plain) in HERCEL.ARCHEXTN.INCLLIB, moved to ARCHEXTN/INCLLIB/ARCHREC
2025-04-04 05:06:08.984475 - Found FIX2STR.txt (text/plain) in HERCEL.ARCHEXTN.INCLLIB, moved to ARCHEXTN/INCLLIB/FIX2STR
2025-04-04 05:06:08.984595 - Found FORMDAT.txt (text/plain) in HERCEL.ARCHEXTN.INCLLIB, moved to ARCHEXTN/INCLLIB/FORMDAT
2025-04-04 05:06:08.984926 - Found PARMPARS.txt (text/plain) in HERCEL.ARCHEXTN.INCLLIB, moved to ARCHEXTN/INCLLIB/PARMPARS
2025-04-04 05:06:08.985087 - Found RNDGEN.txt (text/plain) in HERCEL.ARCHEXTN.INCLLIB, moved to ARCHEXTN/INCLLIB/RNDGEN
2025-04-04 05:06:08.985238 - Found SELECT.txt (text/plain) in HERCEL.ARCHEXTN.INCLLIB, moved to ARCHEXTN/INCLLIB/SELECT
2025-04-04 05:06:08.985372 - Found TRIM.txt (text/plain) in HERCEL.ARCHEXTN.INCLLIB, moved to ARCHEXTN/INCLLIB/TRIM
2025-04-04 05:06:08.985490 - Found VSAMIO.txt (text/plain) in HERCEL.ARCHEXTN.INCLLIB, moved to ARCHEXTN/INCLLIB/VSAMIO
2025-04-04 05:06:08.985617 - Found VSAMIOFB.txt (text/plain) in HERCEL.ARCHEXTN.INCLLIB, moved to ARCHEXTN/INCLLIB/VSAMIOFB
2025-04-04 05:06:08.985741 - Found VSAMIORC.txt (text/plain) in HERCEL.ARCHEXTN.INCLLIB, moved to ARCHEXTN/INCLLIB/VSAMIORC
2025-04-04 05:06:08.986811 - Found JCL.xmi (application/xmit) in HERCEL.ARCHEXTN.PDSXMI, moved to ARCHEXTN/JCL.xmi
2025-04-04 05:06:09.039817 - Received HERCEL.ARCHEXTN.JCL from JCL.xmi 
2025-04-04 05:06:09.040310 - Found CLEANUP.jcl (text/plain) in HERCEL.ARCHEXTN.JCL, moved to ARCHEXTN/JCL/CLEANUP
2025-04-04 05:06:09.040462 - Found COMPILE.jcl (text/plain) in HERCEL.ARCHEXTN.JCL, moved to ARCHEXTN/JCL/COMPILE
2025-04-04 05:06:09.040592 - Found EXTNTRAN.jcl (text/plain) in HERCEL.ARCHEXTN.JCL, moved to ARCHEXTN/JCL/EXTNTRAN
2025-04-04 05:06:09.040725 - Found RESTOTHR.jcl (text/plain) in HERCEL.ARCHEXTN.JCL, moved to ARCHEXTN/JCL/RESTOTHR
2025-04-04 05:06:09.040838 - Found RESTTK5.jcl (text/plain) in HERCEL.ARCHEXTN.JCL, moved to ARCHEXTN/JCL/RESTTK5
2025-04-04 05:06:09.041323 - Found LOADLIB.xmi (application/xmit) in HERCEL.ARCHEXTN.PDSXMI, moved to ARCHEXTN/LOADLIB.xmi
2025-04-04 05:06:09.073978 - Received HERCEL.ARCHEXTN.LOADLIB from LOADLIB.xmi 
2025-04-04 05:06:09.074853 - Found ARCHCOMP.bin (application/octet-stream) in HERCEL.ARCHEXTN.LOADLIB, moved to ARCHEXTN/LOADLIB/ARCHCOMP
2025-04-04 05:06:09.074998 - Found ARCHDIR.bin (application/octet-stream) in HERCEL.ARCHEXTN.LOADLIB, moved to ARCHEXTN/LOADLIB/ARCHDIR
2025-04-04 05:06:09.075133 - Found ARCHRST.bin (application/octet-stream) in HERCEL.ARCHEXTN.LOADLIB, moved to ARCHEXTN/LOADLIB/ARCHRST
2025-04-04 05:06:09.075264 - Found ARCHUTIL.bin (application/octet-stream) in HERCEL.ARCHEXTN.LOADLIB, moved to ARCHEXTN/LOADLIB/ARCHUTIL
2025-04-04 05:06:09.075378 - Found JOBABEND.bin (application/octet-stream) in HERCEL.ARCHEXTN.LOADLIB, moved to ARCHEXTN/LOADLIB/JOBABEND
2025-04-04 05:06:09.075492 - Found SETRC.bin (application/octet-stream) in HERCEL.ARCHEXTN.LOADLIB, moved to ARCHEXTN/LOADLIB/SETRC
2025-04-04 05:06:09.075921 - Found MACLIB.xmi (application/xmit) in HERCEL.ARCHEXTN.PDSXMI, moved to ARCHEXTN/MACLIB.xmi
2025-04-04 05:06:09.145068 - Received HERCEL.ARCHEXTN.MACLIB from MACLIB.xmi 
2025-04-04 05:06:09.145603 - Found EASYSORT.txt (text/plain) in HERCEL.ARCHEXTN.MACLIB, moved to ARCHEXTN/MACLIB/EASYSORT
2025-04-04 05:06:09.145801 - Found EDYNAL.txt (text/plain) in HERCEL.ARCHEXTN.MACLIB, moved to ARCHEXTN/MACLIB/EDYNAL
2025-04-04 05:06:09.145935 - Found EREGS.txt (text/plain) in HERCEL.ARCHEXTN.MACLIB, moved to ARCHEXTN/MACLIB/EREGS
2025-04-04 05:06:09.146055 - Found ERETURN.txt (text/plain) in HERCEL.ARCHEXTN.MACLIB, moved to ARCHEXTN/MACLIB/ERETURN
2025-04-04 05:06:09.146170 - Found ESTART.txt (text/plain) in HERCEL.ARCHEXTN.MACLIB, moved to ARCHEXTN/MACLIB/ESTART
2025-04-04 05:06:09.146289 - Found VSAMIO.txt (text/plain) in HERCEL.ARCHEXTN.MACLIB, moved to ARCHEXTN/MACLIB/VSAMIO
2025-04-04 05:06:09.146402 - Found VSAMIOFB.txt (text/plain) in HERCEL.ARCHEXTN.MACLIB, moved to ARCHEXTN/MACLIB/VSAMIOFB
2025-04-04 05:06:09.146907 - Found NCALIB.xmi (application/xmit) in HERCEL.ARCHEXTN.PDSXMI, moved to ARCHEXTN/NCALIB.xmi
2025-04-04 05:06:09.155927 - Received HERCEL.ARCHEXTN.NCALIB from NCALIB.xmi 
2025-04-04 05:06:09.156346 - Found DYNALDA.bin (application/octet-stream) in HERCEL.ARCHEXTN.NCALIB, moved to ARCHEXTN/NCALIB/DYNALDA
2025-04-04 05:06:09.156467 - Found DYNALDP.bin (application/octet-stream) in HERCEL.ARCHEXTN.NCALIB, moved to ARCHEXTN/NCALIB/DYNALDP
2025-04-04 05:06:09.156588 - Found DYNALOAD.bin (application/octet-stream) in HERCEL.ARCHEXTN.NCALIB, moved to ARCHEXTN/NCALIB/DYNALOAD
2025-04-04 05:06:09.156699 - Found DYNWORK.bin (application/octet-stream) in HERCEL.ARCHEXTN.NCALIB, moved to ARCHEXTN/NCALIB/DYNWORK
2025-04-04 05:06:09.156749 - Found alias DYNWRKP to DYNWORK in HERCEL.ARCHEXTN.NCALIB, moved to PDS/DYNWRKP
2025-04-04 05:06:09.156862 - Found VSAMIO.bin (application/octet-stream) in HERCEL.ARCHEXTN.NCALIB, moved to ARCHEXTN/NCALIB/VSAMIO
2025-04-04 05:06:09.156910 - Found alias VSAMIOP to VSAMIO in HERCEL.ARCHEXTN.NCALIB, moved to PDS/VSAMIOP
2025-04-04 05:06:09.157348 - Found PLI.xmi (application/xmit) in HERCEL.ARCHEXTN.PDSXMI, moved to ARCHEXTN/PLI.xmi
2025-04-04 05:06:09.216659 - Received HERCEL.ARCHEXTN.PLI from PLI.xmi 
2025-04-04 05:06:09.217116 - Found ARCHCOMP.txt (text/plain) in HERCEL.ARCHEXTN.PLI, moved to ARCHEXTN/PLI/ARCHCOMP
2025-04-04 05:06:09.217248 - Found ARCHDIR.txt (text/plain) in HERCEL.ARCHEXTN.PLI, moved to ARCHEXTN/PLI/ARCHDIR
2025-04-04 05:06:09.217374 - Found ARCHRST.txt (text/plain) in HERCEL.ARCHEXTN.PLI, moved to ARCHEXTN/PLI/ARCHRST
2025-04-04 05:06:09.217500 - Found ARCHUTIL.txt (text/plain) in HERCEL.ARCHEXTN.PLI, moved to ARCHEXTN/PLI/ARCHUTIL
2025-04-04 05:06:09.217884 - Found PROCLIB.xmi (application/xmit) in HERCEL.ARCHEXTN.PDSXMI, moved to ARCHEXTN/PROCLIB.xmi
2025-04-04 05:06:09.269233 - Received HERCEL.ARCHEXTN.PROCLIB from PROCLIB.xmi 
2025-04-04 05:06:09.269735 - Found ARCHCOMP.txt (text/plain) in HERCEL.ARCHEXTN.PROCLIB, moved to ARCHEXTN/PROCLIB/ARCHCOMP
2025-04-04 05:06:09.269867 - Found ARCHDIR.txt (text/plain) in HERCEL.ARCHEXTN.PROCLIB, moved to ARCHEXTN/PROCLIB/ARCHDIR
2025-04-04 05:06:09.270002 - Found ARCHRST.txt (text/plain) in HERCEL.ARCHEXTN.PROCLIB, moved to ARCHEXTN/PROCLIB/ARCHRST
2025-04-04 05:06:09.270134 - Found ARCHUTIL.txt (text/plain) in HERCEL.ARCHEXTN.PROCLIB, moved to ARCHEXTN/PROCLIB/ARCHUTIL
2025-04-04 05:06:09.270256 - Found ARCHUTIU.txt (text/plain) in HERCEL.ARCHEXTN.PROCLIB, moved to ARCHEXTN/PROCLIB/ARCHUTIU
2025-04-04 05:06:09.270425 - Found SLIMCL.txt (text/plain) in HERCEL.ARCHEXTN.PROCLIB, moved to ARCHEXTN/PROCLIB/SLIMCL
2025-04-04 05:06:09.270878 - Found README.xmi (application/xmit) in HERCEL.ARCHEXTN.PDSXMI, moved to ARCHEXTN/README.xmi
2025-04-04 05:06:09.301085 - Received HERCEL.ARCHEXTN.CNTL from README.xmi 
2025-04-04 05:06:09.301534 - Found $README1.txt (text/plain) in HERCEL.ARCHEXTN.CNTL, moved to ARCHEXTN/README/$README1
2025-04-04 05:06:09.301662 - Found EXTRCBT.jcl (text/plain) in HERCEL.ARCHEXTN.CNTL, moved to ARCHEXTN/README/EXTRCBT
2025-04-04 05:06:09.301786 - Found RESTCBT.jcl (text/plain) in HERCEL.ARCHEXTN.CNTL, moved to ARCHEXTN/README/RESTCBT
2025-04-04 05:06:09.302301 - Found ARCHFORM.txt (text/plain) in CBT.V508.FILE147.PDS, moved to PDS/ARCHFORM
2025-04-04 05:06:09.302625 - Found ARCHIMPR.txt (text/plain) in CBT.V508.FILE147.PDS, moved to PDS/ARCHIMPR
2025-04-04 05:06:09.302768 - Found ARCHINIT.txt (text/plain) in CBT.V508.FILE147.PDS, moved to PDS/ARCHINIT
2025-04-04 05:06:09.302956 - Found ARCHIVE#.pdf (application/pdf) in CBT.V508.FILE147.PDS, moved to docs/ARCHIVE#.pdf
2025-04-04 05:06:09.303117 - Found ARCHIVE@.docx (application/vnd.openxmlformats-officedocument.wordprocessingml.document) in CBT.V508.FILE147.PDS, moved to docs/ARCHIVE@.docx
2025-04-04 05:06:09.303254 - Found ARCHKDCB.txt (text/plain) in CBT.V508.FILE147.PDS, moved to PDS/ARCHKDCB
2025-04-04 05:06:09.303394 - Found ARCHKNAM.txt (text/plain) in CBT.V508.FILE147.PDS, moved to PDS/ARCHKNAM
2025-04-04 05:06:09.303571 - Found ARCHLDT.txt (text/plain) in CBT.V508.FILE147.PDS, moved to PDS/ARCHLDT
2025-04-04 05:06:09.303722 - Found ARCHLFTP.txt (text/plain) in CBT.V508.FILE147.PDS, moved to PDS/ARCHLFTP
2025-04-04 05:06:09.303852 - Found ARCHLFVS.txt (text/plain) in CBT.V508.FILE147.PDS, moved to PDS/ARCHLFVS
2025-04-04 05:06:09.303967 - Found ARCHLIST.txt (text/plain) in CBT.V508.FILE147.PDS, moved to PDS/ARCHLIST
2025-04-04 05:06:09.304086 - Found ARCHLOAD.txt (text/plain) in CBT.V508.FILE147.PDS, moved to PDS/ARCHLOAD
2025-04-04 05:06:09.304201 - Found ARCHLSTT.txt (text/plain) in CBT.V508.FILE147.PDS, moved to PDS/ARCHLSTT
2025-04-04 05:06:09.304324 - Found ARCHMAIN.txt (text/plain) in CBT.V508.FILE147.PDS, moved to PDS/ARCHMAIN
2025-04-04 05:06:09.304439 - Found ARCHMSGS.txt (text/plain) in CBT.V508.FILE147.PDS, moved to PDS/ARCHMSGS
2025-04-04 05:06:09.304592 - Found ARCHNOTE.txt (text/plain) in CBT.V508.FILE147.PDS, moved to PDS/ARCHNOTE
2025-04-04 05:06:09.304735 - Found ARCHPARS.txt (text/plain) in CBT.V508.FILE147.PDS, moved to PDS/ARCHPARS
2025-04-04 05:06:09.304869 - Found ARCHPRSC.txt (text/plain) in CBT.V508.FILE147.PDS, moved to PDS/ARCHPRSC
2025-04-04 05:06:09.305039 - Found ARCHRSPC.txt (text/plain) in CBT.V508.FILE147.PDS, moved to PDS/ARCHRSPC
2025-04-04 05:06:09.305175 - Found ARCHTABS.txt (text/plain) in CBT.V508.FILE147.PDS, moved to PDS/ARCHTABS
2025-04-04 05:06:09.305310 - Found ARCHUNLD.txt (text/plain) in CBT.V508.FILE147.PDS, moved to PDS/ARCHUNLD
2025-04-04 05:06:09.305454 - Found ARCHVSOP.txt (text/plain) in CBT.V508.FILE147.PDS, moved to PDS/ARCHVSOP
2025-04-04 05:06:09.305603 - Found A370INIT.txt (text/plain) in CBT.V508.FILE147.PDS, moved to PDS/A370INIT
2025-04-04 05:06:09.305749 - Found CELLMAN.txt (text/plain) in CBT.V508.FILE147.PDS, moved to PDS/CELLMAN
2025-04-04 05:06:09.305926 - Found COMPACT.txt (text/plain) in CBT.V508.FILE147.PDS, moved to PDS/COMPACT
2025-04-04 05:06:09.306051 - Found DOTIME.txt (text/plain) in CBT.V508.FILE147.PDS, moved to PDS/DOTIME
2025-04-04 05:06:09.306185 - Found DYNAM.txt (text/plain) in CBT.V508.FILE147.PDS, moved to PDS/DYNAM
2025-04-04 05:06:09.306321 - Found EXPAND.txt (text/plain) in CBT.V508.FILE147.PDS, moved to PDS/EXPAND
2025-04-04 05:06:09.306450 - Found EXPLODE.txt (text/plain) in CBT.V508.FILE147.PDS, moved to PDS/EXPLODE
2025-04-04 05:06:09.306587 - Found FLO.txt (text/plain) in CBT.V508.FILE147.PDS, moved to PDS/FLO
2025-04-04 05:06:09.306726 - Found IECSDSL1.txt (text/plain) in CBT.V508.FILE147.PDS, moved to PDS/IECSDSL1
2025-04-04 05:06:09.306871 - Found IHAPDS.txt (text/plain) in CBT.V508.FILE147.PDS, moved to PDS/IHAPDS
2025-04-04 05:06:09.307046 - Found LOADXMI.xmi (application/xmit) in CBT.V508.FILE147.PDS, moved to PDS/LOADXMI.xmi
2025-04-04 05:06:09.322920 - Received A0611.ARCHIVER.LOAD from LOADXMI.xmi 
2025-04-04 05:06:09.323283 - Found ARCHINIT.bin (application/octet-stream) in A0611.ARCHIVER.LOAD, moved to LOADXMI/ARCHINIT
2025-04-04 05:06:09.323425 - Found ARCHIVER.bin (application/octet-stream) in A0611.ARCHIVER.LOAD, moved to LOADXMI/ARCHIVER
2025-04-04 05:06:09.323542 - Found ARCHPARS.bin (application/octet-stream) in A0611.ARCHIVER.LOAD, moved to LOADXMI/ARCHPARS
2025-04-04 05:06:09.323908 - Found LOADXMIM.xmi (application/xmit) in CBT.V508.FILE147.PDS, moved to PDS/LOADXMIM.xmi
2025-04-04 05:06:09.339046 - Received A0611.ARCHIVER.LOAD from LOADXMIM.xmi 
2025-04-04 05:06:09.339402 - Found ARCHINIT.bin (application/octet-stream) in A0611.ARCHIVER.LOAD, moved to LOADXMIM/ARCHINIT
2025-04-04 05:06:09.339542 - Found ARCHIVER.bin (application/octet-stream) in A0611.ARCHIVER.LOAD, moved to LOADXMIM/ARCHIVER
2025-04-04 05:06:09.339657 - Found ARCHPARS.bin (application/octet-stream) in A0611.ARCHIVER.LOAD, moved to LOADXMIM/ARCHPARS
2025-04-04 05:06:09.339992 - Found LSRCH.txt (text/plain) in CBT.V508.FILE147.PDS, moved to PDS/LSRCH
2025-04-04 05:06:09.340126 - Found RDEF.jcl (text/plain) in CBT.V508.FILE147.PDS, moved to PDS/RDEF
2025-04-04 05:06:09.340240 - Found REASM.jcl (text/plain) in CBT.V508.FILE147.PDS, moved to PDS/REASM
2025-04-04 05:06:09.340352 - Found RELINK.jcl (text/plain) in CBT.V508.FILE147.PDS, moved to PDS/RELINK
2025-04-04 05:06:09.340472 - Found RELIST.jcl (text/plain) in CBT.V508.FILE147.PDS, moved to PDS/RELIST
2025-04-04 05:06:09.340596 - Found RPARSE.txt (text/plain) in CBT.V508.FILE147.PDS, moved to PDS/RPARSE
2025-04-04 05:06:09.340707 - Found SAMPLIB.txt (text/plain) in CBT.V508.FILE147.PDS, moved to PDS/SAMPLIB
2025-04-04 05:06:09.340824 - Found WISHLIST.txt (text/plain) in CBT.V508.FILE147.PDS, moved to PDS/WISHLIST
